TX is ready
RX received data
Test successfully completed.
