VCD info: dumpfile uut.vcd opened for output.
Test PASSED
