Memory was initialized.
Used external memory.
Test passed!