
+-----------------------------------------------+
|                   IOb-Console                 |
+-----------------------------------------------+

IOb-Console: connecting...

IOb-Bootloader: connected!
IOb-Bootloader: DDR in use and program runs from DDR
IOb-UART: requesting to receive file
IOb-Console: got file send request
IOb-Console: file name b'iob_soc_tester_firmware.bin' 
IOb-Console: file of size 24204 bytes
  0 %
 10 %
 20 %
 30 %
 40 %
 50 %
 60 %
 70 %
 80 %
 90 %
100 %
IOb-Console: file sent
IOb-UART: file received
IOb-Bootloader: Loading firmware...
IOb-UART: requesting to send file
IOb-Console: got file receive request
IOb-Console: file name b's_fw.bin' 
IOb-Console : file size: 24204 bytes
  0 %
 10 %
 20 %
 30 %
 40 %
 50 %
 60 %
 70 %
 80 %
 90 %
100 %
IOb-Console: file received
IOb-UART: file sent
IOb-Bootloader: Restart CPU to run user program...



Hello from Tester!





Default Tester firmware running...


IOb-UART: requesting to send file
IOb-Console: got file receive request
IOb-Console: file name b'Sendfile.txt' 
IOb-Console : file size: 348 bytes
  0 %
 10 %
 20 %
 30 %
 40 %
 50 %
 60 %
 70 %
 80 %
 90 %
100 %
IOb-Console: file received
IOb-UART: file sent
IOb-UART: requesting to receive file
IOb-Console: got file send request
IOb-Console: file name b'Sendfile.txt' 
IOb-Console: file of size 348 bytes
  0 %
 10 %
 20 %
 30 %
 40 %
 50 %
 60 %
 70 %
 80 %
 90 %
100 %
IOb-Console: file sent
IOb-UART: file received
SUCCESS: Send and received file match!
IOb-Console: exiting...
Addressing configuration for axi_interconnect instance TOP.iob_soc_tester_sim_wrapper.system_axi_interconnect
 0 ( 0): 000000 / 24 -- 000000-ffffff
